#
# A fatal error has been detected by the Java Runtime Environment:
#
#  EXCEPTION_ACCESS_VIOLATION (0xc0000005) at pc=0x00007ffe3403d261, pid=3772, tid=27164
#
# JRE version: Java(TM) SE Runtime Environment (17.0.12+8) (build 17.0.12+8-LTS-286)
# Java VM: Java HotSpot(TM) 64-Bit Server VM (17.0.12+8-LTS-286, mixed mode, sharing, tiered, compressed oops, compressed class ptrs, g1 gc, windows-amd64)
# Problematic frame:
# V  [jvm.dll+0x69d261]
#
# No core dump will be written. Minidumps are not enabled by default on client versions of Windows
#
# If you would like to submit a bug report, please visit:
#   https://bugreport.java.com/bugreport/crash.jsp
#

---------------  S U M M A R Y ------------

Command Line: --add-opens=java.base/java.lang=ALL-UNNAMED --add-opens=java.base/java.lang.invoke=ALL-UNNAMED --add-opens=java.base/java.util=ALL-UNNAMED --add-opens=java.prefs/java.util.prefs=ALL-UNNAMED --add-exports=jdk.compiler/com.sun.tools.javac.api=ALL-UNNAMED --add-exports=jdk.compiler/com.sun.tools.javac.util=ALL-UNNAMED --add-opens=java.base/java.util=ALL-UNNAMED --add-opens=java.prefs/java.util.prefs=ALL-UNNAMED --add-opens=java.base/java.nio.charset=ALL-UNNAMED --add-opens=java.base/java.net=ALL-UNNAMED --add-opens=java.base/java.util.concurrent=ALL-UNNAMED --add-opens=java.base/java.util.concurrent.atomic=ALL-UNNAMED --add-opens=java.xml/javax.xml.namespace=ALL-UNNAMED --add-opens=java.base/java.time=ALL-UNNAMED -XX:MaxMetaspaceSize=512m -Xmx2048m -Dfile.encoding=windows-1252 -Duser.country=US -Duser.language=en -Duser.variant -javaagent:C:\Users\hp\.gradle\wrapper\dists\gradle-9.3.1-bin\23ovyewtku6u96viwx3xl3oks\gradle-9.3.1\lib\agents\gradle-instrumentation-agent-9.3.1.jar org.gradle.launcher.daemon.bootstrap.GradleDaemon 9.3.1

Host: Intel(R) Core(TM) i5-6300U CPU @ 2.40GHz, 4 cores, 15G,  Windows 10 , 64 bit Build 19041 (10.0.19041.5915)
Time: Sun May 24 15:47:58 2026 Pakistan Standard Time elapsed time: 24.084894 seconds (0d 0h 0m 24s)

---------------  T H R E A D  ---------------

Current thread (0x000001cb47920260):  JavaThread "C2 CompilerThread0" daemon [_thread_in_native, id=27164, stack(0x0000009d87f00000,0x0000009d88000000)]


Current CompileTask:
C2:  24085 4903   !   4       java.lang.ClassLoader::addClass (27 bytes)

Stack: [0x0000009d87f00000,0x0000009d88000000],  sp=0x0000009d87ffb5a0,  free space=1005k
Native frames: (J=compiled Java code, j=interpreted, Vv=VM code, C=native code)
V  [jvm.dll+0x69d261]
V  [jvm.dll+0x2177d9]
V  [jvm.dll+0x215b65]
V  [jvm.dll+0x1a2960]
V  [jvm.dll+0x22610b]
V  [jvm.dll+0x2242ab]
V  [jvm.dll+0x79075c]
V  [jvm.dll+0x78abea]
V  [jvm.dll+0x678f35]
C  [ucrtbase.dll+0x21bb2]
C  [KERNEL32.DLL+0x17374]
C  [ntdll.dll+0x4cc91]


siginfo: EXCEPTION_ACCESS_VIOLATION (0xc0000005), reading address 0x00007ffe242dd690


Registers:
RAX=0x00007ffe242dd690, RBX=0x0000009d87ffb780, RCX=0x000001cb6b3bcdd0, RDX=0x000001cb6b3bcb08
RSP=0x0000009d87ffb5a0, RBP=0x0000000000000111, RSI=0x00000000000001f8, RDI=0x000001cb6b3bcdd0
R8 =0x0000000000000400, R9 =0x000001cb6b689db0, R10=0x000001cb6b3bcb08, R11=0x000001cb6b3bca98
R12=0x000001cb6a42ad98, R13=0x000001cb28069570, R14=0x000001cb479196d0, R15=0x000001cb6a427af0
RIP=0x00007ffe3403d261, EFLAGS=0x0000000000010206


Register to memory mapping:

RIP=0x00007ffe3403d261 jvm.dll
RAX=0x00007ffe242dd690 is an unknown value
RBX=0x0000009d87ffb780 is pointing into the stack for thread: 0x000001cb47920260
RCX=0x000001cb6b3bcdd0 points into unknown readable memory: 0x00007ffe242dd690 | 90 d6 2d 24 fe 7f 00 00
RDX=0x000001cb6b3bcb08 points into unknown readable memory: 0x00000000000000f0 | f0 00 00 00 00 00 00 00
RSP=0x0000009d87ffb5a0 is pointing into the stack for thread: 0x000001cb47920260
RBP=0x0000000000000111 is an unknown value
RSI=0x00000000000001f8 is an unknown value
RDI=0x000001cb6b3bcdd0 points into unknown readable memory: 0x00007ffe242dd690 | 90 d6 2d 24 fe 7f 00 00
R8 =0x0000000000000400 is an unknown value
R9 =0x000001cb6b689db0 points into unknown readable memory: 0x0000000000000000 | 00 00 00 00 00 00 00 00
R10=0x000001cb6b3bcb08 points into unknown readable memory: 0x00000000000000f0 | f0 00 00 00 00 00 00 00
R11=0x000001cb6b3bca98 points into unknown readable memory: 0x0000000000000000 | 00 00 00 00 00 00 00 00
R12=0x000001cb6a42ad98 points into unknown readable memory: 0x08858e5a68109e19 | 19 9e 10 68 5a 8e 85 08
R13=0x000001cb28069570 points into unknown readable memory: 0x000001cb47920260 | 60 02 92 47 cb 01 00 00
R14=0x000001cb479196d0 points into unknown readable memory: 0x0000000000000006 | 06 00 00 00 00 00 00 00
R15=0x000001cb6a427af0 points into unknown readable memory: 0x6e616c2e6176616a | 6a 61 76 61 2e 6c 61 6e


Top of Stack: (sp=0x0000009d87ffb5a0)
0x0000009d87ffb5a0:   0000009d87ffb780 000001cb6b3bc848
0x0000009d87ffb5b0:   000001cb00000000 000001cb27feb620
0x0000009d87ffb5c0:   000001cb28069550 00007ffe33bb77d9
0x0000009d87ffb5d0:   0000009d87ffb6d0 0000009d87ffe750
0x0000009d87ffb5e0:   0000000000000000 000001cb6b689660
0x0000009d87ffb5f0:   0000009d87ffb700 000001cb6b5c8cc9
0x0000009d87ffb600:   0000009d87ffb6e0 00007ffe33ce820d
0x0000009d87ffb610:   000001cb6a613600 000001cb6a613870
0x0000009d87ffb620:   000001cb6a613600 0000009d87ffe750
0x0000009d87ffb630:   000099532e01440c 0000000000000006
0x0000009d87ffb640:   0000000000000000 000001cb6b5c92a0
0x0000009d87ffb650:   00007ffe342d6d70 00007ffe33ee828e
0x0000009d87ffb660:   00007ffe342d6d70 00007ffe3413d65f
0x0000009d87ffb670:   00000000000001fa 00007ffe3413d1ab
0x0000009d87ffb680:   00007ffe339a0000 00007ffe3413d65f
0x0000009d87ffb690:   000001cb47a7a498 00007ffe3413d65f 

Instructions: (pc=0x00007ffe3403d261)
0x00007ffe3403d161:   48 8b cf e8 97 eb a0 ff 48 8b c8 eb 04 48 89 47
0x00007ffe3403d171:   18 48 89 8b d0 09 00 00 48 8d 81 00 02 00 00 48
0x00007ffe3403d181:   89 83 c8 09 00 00 33 f6 48 8d 41 f0 48 89 6c 24
0x00007ffe3403d191:   30 48 89 83 c0 09 00 00 48 8b 43 10 48 8b 88 98
0x00007ffe3403d1a1:   07 00 00 8b 83 90 09 00 00 0f 10 01 0f 11 83 e0
0x00007ffe3403d1b1:   09 00 00 0f 10 49 10 0f 11 8b f0 09 00 00 0f 10
0x00007ffe3403d1c1:   41 20 0f 11 83 00 0a 00 00 0f 10 49 30 0f 11 8b
0x00007ffe3403d1d1:   10 0a 00 00 f2 0f 10 41 40 f2 0f 11 83 20 0a 00
0x00007ffe3403d1e1:   00 c6 83 b0 09 00 00 01 85 c0 74 4d 8b fe 8b e8
0x00007ffe3403d1f1:   0f 1f 40 00 66 66 66 0f 1f 84 00 00 00 00 00 48
0x00007ffe3403d201:   8b 83 a0 09 00 00 48 8b 14 07 48 85 d2 74 20 48
0x00007ffe3403d211:   3b 93 a8 09 00 00 74 17 39 72 20 75 12 48 39 72
0x00007ffe3403d221:   10 74 0c 48 8d 8b 88 09 00 00 e8 c0 22 00 00 48
0x00007ffe3403d231:   83 c7 08 48 83 ed 01 75 c6 8b 83 f8 09 00 00 85
0x00007ffe3403d241:   c0 74 53 8b e8 66 66 0f 1f 84 00 00 00 00 00 48
0x00007ffe3403d251:   8b 83 f0 09 00 00 48 8b 3c 06 48 8b cf 48 8b 07
0x00007ffe3403d261:   ff 10 05 ff fe ff ff a9 f7 ff ff ff 74 13 8b 4f
0x00007ffe3403d271:   2c 8b c1 24 07 3c 04 74 08 80 e1 1f 80 f9 10 75
0x00007ffe3403d281:   0b 48 8b d7 48 8b cb e8 13 0a 00 00 48 83 c6 08
0x00007ffe3403d291:   48 83 ed 01 75 b9 48 8b 6c 24 30 48 8b c3 48 8b
0x00007ffe3403d2a1:   5c 24 38 48 8b 74 24 40 48 83 c4 20 5f c3 cc 48
0x00007ffe3403d2b1:   89 5c 24 08 48 89 74 24 10 57 48 83 ec 20 48 8b
0x00007ffe3403d2c1:   da 49 8b f0 ba 10 00 00 00 48 8b f9 e8 2e 06 00
0x00007ffe3403d2d1:   00 48 8d 05 4f 6a 2b 00 48 89 9f 88 09 00 00 48
0x00007ffe3403d2e1:   8b 5c 24 30 48 89 07 48 8b c7 48 89 b7 90 09 00
0x00007ffe3403d2f1:   00 48 8b 74 24 38 48 83 c4 20 5f c3 cc cc cc 48
0x00007ffe3403d301:   89 5c 24 08 48 89 6c 24 10 48 89 74 24 18 48 89
0x00007ffe3403d311:   7c 24 20 41 56 48 83 ec 20 48 8b fa 49 8b e8 41
0x00007ffe3403d321:   8b d1 4c 8b f1 e8 c5 ee ff ff 49 8d 4e 10 e8 1c
0x00007ffe3403d331:   8e b7 ff 49 8b 4e 08 49 8d 56 10 e8 2f 09 b8 ff
0x00007ffe3403d341:   49 8b 4e 08 49 8d 56 10 e8 f2 49 b8 ff 49 8d 56
0x00007ffe3403d351:   30 48 8b cf e8 06 2f 00 00 49 8d 56 30 48 8b cd 


Stack slot to memory mapping:
stack at sp + 0 slots: 0x0000009d87ffb780 is pointing into the stack for thread: 0x000001cb47920260
stack at sp + 1 slots: 0x000001cb6b3bc848 points into unknown readable memory: 0x00007ffe342ded58 | 58 ed 2d 34 fe 7f 00 00
stack at sp + 2 slots: 0x000001cb00000000 is an unknown value
stack at sp + 3 slots: 0x000001cb27feb620 points into unknown readable memory: 0x00007ffe34297bf0 | f0 7b 29 34 fe 7f 00 00
stack at sp + 4 slots: 0x000001cb28069550 points into unknown readable memory: 0x0000000000000000 | 00 00 00 00 00 00 00 00
stack at sp + 5 slots: 0x00007ffe33bb77d9 jvm.dll
stack at sp + 6 slots: 0x0000009d87ffb6d0 is pointing into the stack for thread: 0x000001cb47920260
stack at sp + 7 slots: 0x0000009d87ffe750 is pointing into the stack for thread: 0x000001cb47920260


---------------  P R O C E S S  ---------------

Threads class SMR info:
_java_thread_list=0x000001cb6b17d280, length=40, elements={
0x000001cb27ffd340, 0x000001cb47902a20, 0x000001cb479034f0, 0x000001cb4791a410,
0x000001cb4791aee0, 0x000001cb4791dcd0, 0x000001cb4791e5a0, 0x000001cb47920260,
0x000001cb47920c20, 0x000001cb4793d200, 0x000001cb47b3b7f0, 0x000001cb47bf5e10,
0x000001cb68513450, 0x000001cb67984a30, 0x000001cb6704c6c0, 0x000001cb67ec9830,
0x000001cb47b54940, 0x000001cb68659a60, 0x000001cb68657c00, 0x000001cb68659f70,
0x000001cb68658620, 0x000001cb6865a480, 0x000001cb68658110, 0x000001cb686576f0,
0x000001cb68658b30, 0x000001cb68659550, 0x000001cb68659040, 0x000001cb6865a990,
0x000001cb6865aea0, 0x000001cb6a78ec50, 0x000001cb6a7905a0, 0x000001cb6a78b9b0,
0x000001cb6a7914d0, 0x000001cb6a78aa80, 0x000001cb6a78a060, 0x000001cb6a78e740,
0x000001cb6a78f160, 0x000001cb47e4e340, 0x000001cb6a790090, 0x000001cb6a78f670
}

Java Threads: ( => current thread )
  0x000001cb27ffd340 JavaThread "main" [_thread_blocked, id=30112, stack(0x0000009d87200000,0x0000009d87300000)]
  0x000001cb47902a20 JavaThread "Reference Handler" daemon [_thread_blocked, id=932, stack(0x0000009d87900000,0x0000009d87a00000)]
  0x000001cb479034f0 JavaThread "Finalizer" daemon [_thread_blocked, id=6512, stack(0x0000009d87a00000,0x0000009d87b00000)]
  0x000001cb4791a410 JavaThread "Signal Dispatcher" daemon [_thread_blocked, id=25532, stack(0x0000009d87b00000,0x0000009d87c00000)]
  0x000001cb4791aee0 JavaThread "Attach Listener" daemon [_thread_blocked, id=18400, stack(0x0000009d87c00000,0x0000009d87d00000)]
  0x000001cb4791dcd0 JavaThread "Service Thread" daemon [_thread_blocked, id=27644, stack(0x0000009d87d00000,0x0000009d87e00000)]
  0x000001cb4791e5a0 JavaThread "Monitor Deflation Thread" daemon [_thread_blocked, id=3076, stack(0x0000009d87e00000,0x0000009d87f00000)]
=>0x000001cb47920260 JavaThread "C2 CompilerThread0" daemon [_thread_in_native, id=27164, stack(0x0000009d87f00000,0x0000009d88000000)]
  0x000001cb47920c20 JavaThread "C1 CompilerThread0" daemon [_thread_blocked, id=7112, stack(0x0000009d88000000,0x0000009d88100000)]
  0x000001cb4793d200 JavaThread "Sweeper thread" daemon [_thread_blocked, id=10312, stack(0x0000009d88100000,0x0000009d88200000)]
  0x000001cb47b3b7f0 JavaThread "Common-Cleaner" daemon [_thread_blocked, id=6536, stack(0x0000009d88200000,0x0000009d88300000)]
  0x000001cb47bf5e10 JavaThread "Notification Thread" daemon [_thread_blocked, id=12324, stack(0x0000009d88300000,0x0000009d88400000)]
  0x000001cb68513450 JavaThread "Daemon health stats" [_thread_blocked, id=6696, stack(0x0000009d88900000,0x0000009d88a00000)]
  0x000001cb67984a30 JavaThread "Incoming local TCP Connector on port 51129" [_thread_in_native, id=27496, stack(0x0000009d88800000,0x0000009d88900000)]
  0x000001cb6704c6c0 JavaThread "Daemon periodic checks" [_thread_blocked, id=4964, stack(0x0000009d88a00000,0x0000009d88b00000)]
  0x000001cb67ec9830 JavaThread "Daemon" [_thread_blocked, id=16288, stack(0x0000009d88b00000,0x0000009d88c00000)]
  0x000001cb47b54940 JavaThread "Handler for socket connection from /127.0.0.1:51129 to /127.0.0.1:51130" [_thread_in_native, id=9800, stack(0x0000009d88c00000,0x0000009d88d00000)]
  0x000001cb68659a60 JavaThread "Cancel handler" [_thread_blocked, id=18552, stack(0x0000009d88d00000,0x0000009d88e00000)]
  0x000001cb68657c00 JavaThread "Daemon worker" [_thread_in_Java, id=18140, stack(0x0000009d88e00000,0x0000009d88f00000)]
  0x000001cb68659f70 JavaThread "Asynchronous log dispatcher for DefaultDaemonConnection: socket connection from /127.0.0.1:51129 to /127.0.0.1:51130" [_thread_blocked, id=7792, stack(0x0000009d88f00000,0x0000009d89000000)]
  0x000001cb68658620 JavaThread "Stdin handler" [_thread_blocked, id=27428, stack(0x0000009d89000000,0x0000009d89100000)]
  0x000001cb6865a480 JavaThread "Daemon client event forwarder" [_thread_blocked, id=22760, stack(0x0000009d89200000,0x0000009d89300000)]
  0x000001cb68658110 JavaThread "Cache worker for journal cache (C:\Users\hp\.gradle\caches\journal-1)" [_thread_blocked, id=9840, stack(0x0000009d89100000,0x0000009d89200000)]
  0x000001cb686576f0 JavaThread "File lock request listener" [_thread_in_native, id=10880, stack(0x0000009d89300000,0x0000009d89400000)]
  0x000001cb68658b30 JavaThread "Cache worker for file hash cache (C:\Users\hp\.gradle\caches\9.3.1\fileHashes)" [_thread_blocked, id=2128, stack(0x0000009d89500000,0x0000009d89600000)]
  0x000001cb68659550 JavaThread "Cache worker for file hash cache (E:\FYP\HouseOfTutor\android\.gradle\9.3.1\fileHashes)" [_thread_blocked, id=14484, stack(0x0000009d89600000,0x0000009d89700000)]
  0x000001cb68659040 JavaThread "Cache worker for Build Output Cleanup Cache (E:\FYP\HouseOfTutor\android\.gradle\buildOutputCleanup)" [_thread_blocked, id=19332, stack(0x0000009d89700000,0x0000009d89800000)]
  0x000001cb6865a990 JavaThread "File watcher server" daemon [_thread_in_native, id=24636, stack(0x0000009d89800000,0x0000009d89900000)]
  0x000001cb6865aea0 JavaThread "File watcher consumer" daemon [_thread_blocked, id=18732, stack(0x0000009d89900000,0x0000009d89a00000)]
  0x000001cb6a78ec50 JavaThread "Cache worker for checksums cache (E:\FYP\HouseOfTutor\android\.gradle\9.3.1\checksums)" [_thread_blocked, id=24764, stack(0x0000009d89400000,0x0000009d89500000)]
  0x000001cb6a7905a0 JavaThread "Cache worker for file content cache (C:\Users\hp\.gradle\caches\9.3.1\fileContent)" [_thread_blocked, id=25984, stack(0x0000009d89a00000,0x0000009d89b00000)]
  0x000001cb6a78b9b0 JavaThread "Cache worker for cache directory md-supplier (C:\Users\hp\.gradle\caches\9.3.1\md-supplier)" [_thread_blocked, id=14812, stack(0x0000009d89d00000,0x0000009d89e00000)]
  0x000001cb6a7914d0 JavaThread "Cache worker for cache directory md-rule (C:\Users\hp\.gradle\caches\9.3.1\md-rule)" [_thread_blocked, id=9352, stack(0x0000009d89e00000,0x0000009d89f00000)]
  0x000001cb6a78aa80 JavaThread "jar transforms" [_thread_blocked, id=15120, stack(0x0000009d89f00000,0x0000009d8a000000)]
  0x000001cb6a78a060 JavaThread "Cache worker for Build Output Cleanup Cache (E:\FYP\HouseOfTutor\node_modules\@react-native\gradle-plugin\.gradle\buildOutputCleanup)" [_thread_blocked, id=4700, stack(0x0000009d8a000000,0x0000009d8a100000)]
  0x000001cb6a78e740 JavaThread "Unconstrained build operations" [_thread_blocked, id=15272, stack(0x0000009d89c00000,0x0000009d89d00000)]
  0x000001cb6a78f160 JavaThread "Unconstrained build operations Thread 2" [_thread_blocked, id=3692, stack(0x0000009d8a200000,0x0000009d8a300000)]
  0x000001cb47e4e340 JavaThread "C2 CompilerThread1" daemon [_thread_in_native, id=25720, stack(0x0000009d8a300000,0x0000009d8a400000)]
  0x000001cb6a790090 JavaThread "Unconstrained build operations Thread 3" [_thread_blocked, id=17868, stack(0x0000009d8a400000,0x0000009d8a500000)]
  0x000001cb6a78f670 JavaThread "Unconstrained build operations Thread 4" [_thread_blocked, id=12740, stack(0x0000009d8a500000,0x0000009d8a600000)]

Other Threads:
  0x000001cb478fb790 VMThread "VM Thread" [stack: 0x0000009d87800000,0x0000009d87900000] [id=612]
  0x000001cb47c3cf40 WatcherThread [stack: 0x0000009d88400000,0x0000009d88500000] [id=5040]
  0x000001cb28056c80 GCTaskThread "GC Thread#0" [stack: 0x0000009d87300000,0x0000009d87400000] [id=18804]
  0x000001cb47d02990 GCTaskThread "GC Thread#1" [stack: 0x0000009d88500000,0x0000009d88600000] [id=7872]
  0x000001cb47d02c50 GCTaskThread "GC Thread#2" [stack: 0x0000009d88600000,0x0000009d88700000] [id=16008]
  0x000001cb47c9b870 GCTaskThread "GC Thread#3" [stack: 0x0000009d88700000,0x0000009d88800000] [id=17348]
  0x000001cb28067980 ConcurrentGCThread "G1 Main Marker" [stack: 0x0000009d87400000,0x0000009d87500000] [id=9212]
  0x000001cb280688e0 ConcurrentGCThread "G1 Conc#0" [stack: 0x0000009d87500000,0x0000009d87600000] [id=27348]
  0x000001cb280ce9d0 ConcurrentGCThread "G1 Refine#0" [stack: 0x0000009d87600000,0x0000009d87700000] [id=17864]
  0x000001cb6b3ec050 ConcurrentGCThread "G1 Refine#1" [stack: 0x0000009d89b00000,0x0000009d89c00000] [id=3364]
  0x000001cb477b7570 ConcurrentGCThread "G1 Service" [stack: 0x0000009d87700000,0x0000009d87800000] [id=580]

Threads with active compile tasks:
C2 CompilerThread0    24372 4903   !   4       java.lang.ClassLoader::addClass (27 bytes)
C2 CompilerThread1    24372 4913       4       java.lang.invoke.MethodType::makeImpl (109 bytes)

VM state: not at safepoint (normal execution)

VM Mutex/Monitor currently owned by a thread: None

Heap address: 0x0000000080000000, size: 2048 MB, Compressed Oops mode: 32-bit

CDS archive(s) mapped at: [0x000001cb48000000-0x000001cb48bd0000-0x000001cb48bd0000), size 12386304, SharedBaseAddress: 0x000001cb48000000, ArchiveRelocationMode: 1.
Compressed class space mapped at: 0x000001cb49000000-0x000001cb63000000, reserved size: 436207616
Narrow klass base: 0x000001cb48000000, Narrow klass shift: 0, Narrow klass range: 0x100000000

GC Precious Log:
 CPUs: 4 total, 4 available
 Memory: 16263M
 Large Page Support: Disabled
 NUMA Support: Disabled
 Compressed Oops: Enabled (32-bit)
 Heap Region Size: 1M
 Heap Min Capacity: 8M
 Heap Initial Capacity: 256M
 Heap Max Capacity: 2G
 Pre-touch: Disabled
 Parallel Workers: 4
 Concurrent Workers: 1
 Concurrent Refinement Workers: 4
 Periodic GC: Disabled

Heap:
 garbage-first heap   total 86016K, used 46332K [0x0000000080000000, 0x0000000100000000)
  region size 1024K, 16 young (16384K), 5 survivors (5120K)
 Metaspace       used 48220K, committed 48896K, reserved 491520K
  class space    used 6807K, committed 7104K, reserved 425984K

Heap Regions: E=young(eden), S=young(survivor), O=old, HS=humongous(starts), HC=humongous(continues), CS=collection set, F=free, OA=open archive, CA=closed archive, TAMS=top-at-mark-start (previous, next)
|   0|0x0000000080000000, 0x0000000080100000, 0x0000000080100000|100%|HS|  |TAMS 0x0000000080100000, 0x0000000080000000| Complete 
|   1|0x0000000080100000, 0x0000000080200000, 0x0000000080200000|100%|HC|  |TAMS 0x0000000080200000, 0x0000000080100000| Complete 
|   2|0x0000000080200000, 0x0000000080300000, 0x0000000080300000|100%|HC|  |TAMS 0x0000000080300000, 0x0000000080200000| Complete 
|   3|0x0000000080300000, 0x0000000080400000, 0x0000000080400000|100%|HC|  |TAMS 0x0000000080400000, 0x0000000080300000| Complete 
|   4|0x0000000080400000, 0x0000000080500000, 0x0000000080500000|100%| O|  |TAMS 0x0000000080500000, 0x0000000080400000| Untracked 
|   5|0x0000000080500000, 0x0000000080600000, 0x0000000080600000|100%| O|  |TAMS 0x0000000080600000, 0x0000000080500000| Untracked 
|   6|0x0000000080600000, 0x0000000080700000, 0x0000000080700000|100%| O|  |TAMS 0x0000000080700000, 0x0000000080600000| Untracked 
|   7|0x0000000080700000, 0x0000000080800000, 0x0000000080800000|100%|HS|  |TAMS 0x0000000080800000, 0x0000000080700000| Complete 
|   8|0x0000000080800000, 0x0000000080900000, 0x0000000080900000|100%| O|  |TAMS 0x0000000080900000, 0x0000000080800000| Untracked 
|   9|0x0000000080900000, 0x0000000080a00000, 0x0000000080a00000|100%| O|  |TAMS 0x0000000080a00000, 0x0000000080900000| Untracked 
|  10|0x0000000080a00000, 0x0000000080b00000, 0x0000000080b00000|100%| O|  |TAMS 0x0000000080b00000, 0x0000000080a00000| Untracked 
|  11|0x0000000080b00000, 0x0000000080c00000, 0x0000000080c00000|100%| O|  |TAMS 0x0000000080c00000, 0x0000000080b00000| Untracked 
|  12|0x0000000080c00000, 0x0000000080d00000, 0x0000000080d00000|100%| O|  |TAMS 0x0000000080d00000, 0x0000000080c00000| Untracked 
|  13|0x0000000080d00000, 0x0000000080e00000, 0x0000000080e00000|100%| O|  |TAMS 0x0000000080e00000, 0x0000000080d00000| Untracked 
|  14|0x0000000080e00000, 0x0000000080f00000, 0x0000000080f00000|100%| O|  |TAMS 0x0000000080f00000, 0x0000000080e00000| Untracked 
|  15|0x0000000080f00000, 0x0000000081000000, 0x0000000081000000|100%| O|  |TAMS 0x0000000081000000, 0x0000000080f00000| Untracked 
|  16|0x0000000081000000, 0x0000000081100000, 0x0000000081100000|100%| O|  |TAMS 0x0000000081100000, 0x0000000081000000| Untracked 
|  17|0x0000000081100000, 0x0000000081200000, 0x0000000081200000|100%| O|  |TAMS 0x0000000081200000, 0x0000000081100000| Untracked 
|  18|0x0000000081200000, 0x0000000081300000, 0x0000000081300000|100%| O|  |TAMS 0x0000000081300000, 0x0000000081200000| Untracked 
|  19|0x0000000081300000, 0x0000000081400000, 0x0000000081400000|100%| O|  |TAMS 0x0000000081400000, 0x0000000081300000| Untracked 
|  20|0x0000000081400000, 0x0000000081500000, 0x0000000081500000|100%| O|  |TAMS 0x0000000081500000, 0x0000000081400000| Untracked 
|  21|0x0000000081500000, 0x0000000081600000, 0x0000000081600000|100%| O|  |TAMS 0x0000000081500000, 0x0000000081500000| Untracked 
|  22|0x0000000081600000, 0x0000000081700000, 0x0000000081700000|100%| O|  |TAMS 0x0000000081700000, 0x0000000081600000| Untracked 
|  23|0x0000000081700000, 0x0000000081800000, 0x0000000081800000|100%| O|  |TAMS 0x0000000081800000, 0x0000000081700000| Untracked 
|  24|0x0000000081800000, 0x0000000081900000, 0x0000000081900000|100%| O|  |TAMS 0x0000000081900000, 0x0000000081800000| Untracked 
|  25|0x0000000081900000, 0x0000000081900000, 0x0000000081a00000|  0%| F|  |TAMS 0x0000000081900000, 0x0000000081900000| Untracked 
|  26|0x0000000081a00000, 0x0000000081b00000, 0x0000000081b00000|100%| O|  |TAMS 0x0000000081a00000, 0x0000000081a00000| Untracked 
|  27|0x0000000081b00000, 0x0000000081c00000, 0x0000000081c00000|100%| O|  |TAMS 0x0000000081b00000, 0x0000000081b00000| Untracked 
|  28|0x0000000081c00000, 0x0000000081d00000, 0x0000000081d00000|100%| O|  |TAMS 0x0000000081c00000, 0x0000000081c00000| Untracked 
|  29|0x0000000081d00000, 0x0000000081e00000, 0x0000000081e00000|100%| O|  |TAMS 0x0000000081d00000, 0x0000000081d00000| Untracked 
|  30|0x0000000081e00000, 0x0000000081f00000, 0x0000000081f00000|100%| O|  |TAMS 0x0000000081e00000, 0x0000000081e00000| Untracked 
|  31|0x0000000081f00000, 0x0000000081f3f200, 0x0000000082000000| 24%| O|  |TAMS 0x0000000081f00000, 0x0000000081f00000| Untracked 
|  32|0x0000000082000000, 0x0000000082000000, 0x0000000082100000|  0%| F|  |TAMS 0x0000000082000000, 0x0000000082000000| Untracked 
|  33|0x0000000082100000, 0x0000000082100000, 0x0000000082200000|  0%| F|  |TAMS 0x0000000082100000, 0x0000000082100000| Untracked 
|  34|0x0000000082200000, 0x0000000082200000, 0x0000000082300000|  0%| F|  |TAMS 0x0000000082200000, 0x0000000082200000| Untracked 
|  35|0x0000000082300000, 0x0000000082300000, 0x0000000082400000|  0%| F|  |TAMS 0x0000000082300000, 0x0000000082300000| Untracked 
|  36|0x0000000082400000, 0x0000000082400000, 0x0000000082500000|  0%| F|  |TAMS 0x0000000082400000, 0x0000000082400000| Untracked 
|  37|0x0000000082500000, 0x0000000082500000, 0x0000000082600000|  0%| F|  |TAMS 0x0000000082500000, 0x0000000082500000| Untracked 
|  38|0x0000000082600000, 0x0000000082600000, 0x0000000082700000|  0%| F|  |TAMS 0x0000000082600000, 0x0000000082600000| Untracked 
|  39|0x0000000082700000, 0x0000000082700000, 0x0000000082800000|  0%| F|  |TAMS 0x0000000082700000, 0x0000000082700000| Untracked 
|  40|0x0000000082800000, 0x0000000082800000, 0x0000000082900000|  0%| F|  |TAMS 0x0000000082800000, 0x0000000082800000| Untracked 
|  41|0x0000000082900000, 0x0000000082900000, 0x0000000082a00000|  0%| F|  |TAMS 0x0000000082900000, 0x0000000082900000| Untracked 
|  42|0x0000000082a00000, 0x0000000082b00000, 0x0000000082b00000|100%| S|CS|TAMS 0x0000000082a00000, 0x0000000082a00000| Complete 
|  43|0x0000000082b00000, 0x0000000082c00000, 0x0000000082c00000|100%| S|CS|TAMS 0x0000000082b00000, 0x0000000082b00000| Complete 
|  44|0x0000000082c00000, 0x0000000082d00000, 0x0000000082d00000|100%| S|CS|TAMS 0x0000000082c00000, 0x0000000082c00000| Complete 
|  45|0x0000000082d00000, 0x0000000082e00000, 0x0000000082e00000|100%| S|CS|TAMS 0x0000000082d00000, 0x0000000082d00000| Complete 
|  46|0x0000000082e00000, 0x0000000082e00000, 0x0000000082f00000|  0%| F|  |TAMS 0x0000000082e00000, 0x0000000082e00000| Untracked 
|  47|0x0000000082f00000, 0x0000000082f00000, 0x0000000083000000|  0%| F|  |TAMS 0x0000000082f00000, 0x0000000082f00000| Untracked 
|  48|0x0000000083000000, 0x0000000083100000, 0x0000000083100000|100%| S|CS|TAMS 0x0000000083000000, 0x0000000083000000| Complete 
|  49|0x0000000083100000, 0x0000000083100000, 0x0000000083200000|  0%| F|  |TAMS 0x0000000083100000, 0x0000000083100000| Untracked 
|  50|0x0000000083200000, 0x0000000083200000, 0x0000000083300000|  0%| F|  |TAMS 0x0000000083200000, 0x0000000083200000| Untracked 
|  51|0x0000000083300000, 0x0000000083300000, 0x0000000083400000|  0%| F|  |TAMS 0x0000000083300000, 0x0000000083300000| Untracked 
|  52|0x0000000083400000, 0x0000000083400000, 0x0000000083500000|  0%| F|  |TAMS 0x0000000083400000, 0x0000000083400000| Untracked 
|  53|0x0000000083500000, 0x0000000083500000, 0x0000000083600000|  0%| F|  |TAMS 0x0000000083500000, 0x0000000083500000| Untracked 
|  54|0x0000000083600000, 0x0000000083600000, 0x0000000083700000|  0%| F|  |TAMS 0x0000000083600000, 0x0000000083600000| Untracked 
|  55|0x0000000083700000, 0x0000000083700000, 0x0000000083800000|  0%| F|  |TAMS 0x0000000083700000, 0x0000000083700000| Untracked 
|  56|0x0000000083800000, 0x0000000083800000, 0x0000000083900000|  0%| F|  |TAMS 0x0000000083800000, 0x0000000083800000| Untracked 
|  57|0x0000000083900000, 0x0000000083900000, 0x0000000083a00000|  0%| F|  |TAMS 0x0000000083900000, 0x0000000083900000| Untracked 
|  58|0x0000000083a00000, 0x0000000083a00000, 0x0000000083b00000|  0%| F|  |TAMS 0x0000000083a00000, 0x0000000083a00000| Untracked 
|  59|0x0000000083b00000, 0x0000000083b00000, 0x0000000083c00000|  0%| F|  |TAMS 0x0000000083b00000, 0x0000000083b00000| Untracked 
|  60|0x0000000083c00000, 0x0000000083c00000, 0x0000000083d00000|  0%| F|  |TAMS 0x0000000083c00000, 0x0000000083c00000| Untracked 
|  61|0x0000000083d00000, 0x0000000083d00000, 0x0000000083e00000|  0%| F|  |TAMS 0x0000000083d00000, 0x0000000083d00000| Untracked 
|  62|0x0000000083e00000, 0x0000000083e00000, 0x0000000083f00000|  0%| F|  |TAMS 0x0000000083e00000, 0x0000000083e00000| Untracked 
|  63|0x0000000083f00000, 0x0000000083f00000, 0x0000000084000000|  0%| F|  |TAMS 0x0000000083f00000, 0x0000000083f00000| Untracked 
|  64|0x0000000084000000, 0x0000000084000000, 0x0000000084100000|  0%| F|  |TAMS 0x0000000084000000, 0x0000000084000000| Untracked 
|  65|0x0000000084100000, 0x0000000084100000, 0x0000000084200000|  0%| F|  |TAMS 0x0000000084100000, 0x0000000084100000| Untracked 
|  66|0x0000000084200000, 0x0000000084200000, 0x0000000084300000|  0%| F|  |TAMS 0x0000000084200000, 0x0000000084200000| Untracked 
|  67|0x0000000084300000, 0x0000000084300000, 0x0000000084400000|  0%| F|  |TAMS 0x0000000084300000, 0x0000000084300000| Untracked 
|  68|0x0000000084400000, 0x0000000084400000, 0x0000000084500000|  0%| F|  |TAMS 0x0000000084400000, 0x0000000084400000| Untracked 
|  69|0x0000000084500000, 0x0000000084500000, 0x0000000084600000|  0%| F|  |TAMS 0x0000000084500000, 0x0000000084500000| Untracked 
|  70|0x0000000084600000, 0x0000000084600000, 0x0000000084700000|  0%| F|  |TAMS 0x0000000084600000, 0x0000000084600000| Untracked 
|  71|0x0000000084700000, 0x0000000084700000, 0x0000000084800000|  0%| F|  |TAMS 0x0000000084700000, 0x0000000084700000| Untracked 
|  72|0x0000000084800000, 0x0000000084800000, 0x0000000084900000|  0%| F|  |TAMS 0x0000000084800000, 0x0000000084800000| Untracked 
|  73|0x0000000084900000, 0x0000000084980800, 0x0000000084a00000| 50%| E|  |TAMS 0x0000000084900000, 0x0000000084900000| Complete 
|  74|0x0000000084a00000, 0x0000000084b00000, 0x0000000084b00000|100%| E|CS|TAMS 0x0000000084a00000, 0x0000000084a00000| Complete 
|  75|0x0000000084b00000, 0x0000000084c00000, 0x0000000084c00000|100%| E|CS|TAMS 0x0000000084b00000, 0x0000000084b00000| Complete 
|  76|0x0000000084c00000, 0x0000000084d00000, 0x0000000084d00000|100%| E|CS|TAMS 0x0000000084c00000, 0x0000000084c00000| Complete 
|  77|0x0000000084d00000, 0x0000000084e00000, 0x0000000084e00000|100%| E|CS|TAMS 0x0000000084d00000, 0x0000000084d00000| Complete 
|  78|0x0000000084e00000, 0x0000000084f00000, 0x0000000084f00000|100%| E|CS|TAMS 0x0000000084e00000, 0x0000000084e00000| Complete 
|  79|0x0000000084f00000, 0x0000000085000000, 0x0000000085000000|100%| E|CS|TAMS 0x0000000084f00000, 0x0000000084f00000| Complete 
|  80|0x0000000085000000, 0x0000000085100000, 0x0000000085100000|100%| E|CS|TAMS 0x0000000085000000, 0x0000000085000000| Complete 
| 231|0x000000008e700000, 0x000000008e800000, 0x000000008e800000|100%| E|CS|TAMS 0x000000008e700000, 0x000000008e700000| Complete 
| 232|0x000000008e800000, 0x000000008e900000, 0x000000008e900000|100%| E|CS|TAMS 0x000000008e800000, 0x000000008e800000| Complete 
| 255|0x000000008ff00000, 0x0000000090000000, 0x0000000090000000|100%| E|CS|TAMS 0x000000008ff00000, 0x000000008ff00000| Complete 

Card table byte_map: [0x000001cb40ac0000,0x000001cb40ec0000] _byte_map_base: 0x000001cb406c0000

Marking Bits (Prev, Next): (CMBitMap*) 0x000001cb28057050, (CMBitMap*) 0x000001cb28057090
 Prev Bits: [0x000001cb412c0000, 0x000001cb432c0000)
 Next Bits: [0x000001cb432c0000, 0x000001cb452c0000)

Polling page: 0x000001cb31070000

Metaspace:

Usage:
  Non-class:     40.45 MB used.
      Class:      6.65 MB used.
       Both:     47.10 MB used.

Virtual space:
  Non-class space:       64.00 MB reserved,      40.81 MB ( 64%) committed,  1 nodes.
      Class space:      416.00 MB reserved,       6.94 MB (  2%) committed,  1 nodes.
             Both:      480.00 MB reserved,      47.75 MB ( 10%) committed. 

Chunk freelists:
   Non-Class:  7.19 MB
       Class:  9.01 MB
        Both:  16.21 MB

MaxMetaspaceSize: 512.00 MB
CompressedClassSpaceSize: 416.00 MB
Initial GC threshold: 21.00 MB
Current GC threshold: 58.69 MB
CDS: on
MetaspaceReclaimPolicy: balanced
 - commit_granule_bytes: 65536.
 - commit_granule_words: 8192.
 - virtual_space_node_default_size: 8388608.
 - enlarge_chunks_in_place: 1.
 - new_chunks_are_fully_committed: 0.
 - uncommit_free_chunks: 1.
 - use_allocation_guard: 0.
 - handle_deallocations: 1.


Internal statistics:

num_allocs_failed_limit: 6.
num_arena_births: 876.
num_arena_deaths: 0.
num_vsnodes_births: 2.
num_vsnodes_deaths: 0.
num_space_committed: 764.
num_space_uncommitted: 0.
num_chunks_returned_to_freelist: 6.
num_chunks_taken_from_freelist: 2762.
num_chunk_merges: 3.
num_chunk_splits: 1768.
num_chunks_enlarged: 1152.
num_inconsistent_stats: 0.

CodeHeap 'non-profiled nmethods': size=120000Kb used=2247Kb max_used=3197Kb free=117752Kb
 bounds [0x000001cb38b60000, 0x000001cb38e80000, 0x000001cb40090000]
CodeHeap 'profiled nmethods': size=120000Kb used=8283Kb max_used=9753Kb free=111716Kb
 bounds [0x000001cb31090000, 0x000001cb31a20000, 0x000001cb385c0000]
CodeHeap 'non-nmethods': size=5760Kb used=1696Kb max_used=1725Kb free=4063Kb
 bounds [0x000001cb385c0000, 0x000001cb38830000, 0x000001cb38b60000]
 total_blobs=4959 nmethods=4180 adapters=691
 compilation: enabled
              stopped_count=0, restarted_count=0
 full_count=0

Compilation events (20 events):
Event: 24.011 Thread 0x000001cb47920c20 nmethod 4893 0x000001cb310b6310 code [0x000001cb310b65e0, 0x000001cb310b7038]
Event: 24.018 Thread 0x000001cb47920c20 4894       1       org.gradle.api.attributes.Attribute::getType (5 bytes)
Event: 24.018 Thread 0x000001cb47920c20 nmethod 4894 0x000001cb38c1f710 code [0x000001cb38c1f8a0, 0x000001cb38c1f978]
Event: 24.025 Thread 0x000001cb47920c20 4895       3       java.nio.MappedByteBuffer::position (8 bytes)
Event: 24.025 Thread 0x000001cb47920c20 nmethod 4895 0x000001cb311f5290 code [0x000001cb311f5440, 0x000001cb311f55e8]
Event: 24.030 Thread 0x000001cb47920c20 4896       1       java.lang.Thread::getThreadGroup (5 bytes)
Event: 24.030 Thread 0x000001cb47920c20 nmethod 4896 0x000001cb38c1f410 code [0x000001cb38c1f5a0, 0x000001cb38c1f678]
Event: 24.049 Thread 0x000001cb47920c20 4897       3       com.google.common.cache.LocalCache$AbstractReferenceEntry::<init> (5 bytes)
Event: 24.049 Thread 0x000001cb47920c20 nmethod 4897 0x000001cb31249a10 code [0x000001cb31249ba0, 0x000001cb31249cf8]
Event: 24.049 Thread 0x000001cb47920c20 4898       1       org.gradle.cache.internal.btree.Block::getPayload (5 bytes)
Event: 24.049 Thread 0x000001cb47920c20 nmethod 4898 0x000001cb38c1f110 code [0x000001cb38c1f2a0, 0x000001cb38c1f378]
Event: 24.050 Thread 0x000001cb47920c20 4899       3       jdk.internal.misc.VM::isModuleSystemInited (13 bytes)
Event: 24.051 Thread 0x000001cb47920c20 nmethod 4899 0x000001cb31212210 code [0x000001cb312123a0, 0x000001cb31212558]
Event: 24.051 Thread 0x000001cb47920c20 4900       1       org.gradle.cache.internal.btree.BlockPayload::setBlock (6 bytes)
Event: 24.051 Thread 0x000001cb47920c20 nmethod 4900 0x000001cb38b9c410 code [0x000001cb38b9c5a0, 0x000001cb38b9c6b8]
Event: 24.051 Thread 0x000001cb47920c20 4901       1       com.google.common.io.CountingInputStream::getCount (5 bytes)
Event: 24.051 Thread 0x000001cb47920c20 nmethod 4901 0x000001cb38b9c110 code [0x000001cb38b9c2a0, 0x000001cb38b9c378]
Event: 24.055 Thread 0x000001cb47920c20 4902       3       java.util.concurrent.atomic.AtomicLong::compareAndSet (13 bytes)
Event: 24.055 Thread 0x000001cb47920c20 nmethod 4902 0x000001cb31279d10 code [0x000001cb31279ea0, 0x000001cb31279fd8]
Event: 24.067 Thread 0x000001cb47920260 4903   !   4       java.lang.ClassLoader::addClass (27 bytes)

GC Heap History (20 events):
Event: 11.607 GC heap before
{Heap before GC invocations=2 (full 0):
 garbage-first heap   total 262144K, used 166860K [0x0000000080000000, 0x0000000100000000)
  region size 1024K, 153 young (156672K), 3 survivors (3072K)
 Metaspace       used 18438K, committed 18752K, reserved 491520K
  class space    used 2465K, committed 2624K, reserved 425984K
}
Event: 11.633 GC heap after
{Heap after GC invocations=3 (full 0):
 garbage-first heap   total 262144K, used 22452K [0x0000000080000000, 0x0000000100000000)
  region size 1024K, 14 young (14336K), 14 survivors (14336K)
 Metaspace       used 18438K, committed 18752K, reserved 491520K
  class space    used 2465K, committed 2624K, reserved 425984K
}
Event: 12.824 GC heap before
{Heap before GC invocations=3 (full 0):
 garbage-first heap   total 262144K, used 43956K [0x0000000080000000, 0x0000000100000000)
  region size 1024K, 37 young (37888K), 14 survivors (14336K)
 Metaspace       used 21214K, committed 21504K, reserved 491520K
  class space    used 2921K, committed 3072K, reserved 425984K
}
Event: 12.850 GC heap after
{Heap after GC invocations=4 (full 0):
 garbage-first heap   total 262144K, used 24207K [0x0000000080000000, 0x0000000100000000)
  region size 1024K, 2 young (2048K), 2 survivors (2048K)
 Metaspace       used 21214K, committed 21504K, reserved 491520K
  class space    used 2921K, committed 3072K, reserved 425984K
}
Event: 15.488 GC heap before
{Heap before GC invocations=5 (full 0):
 garbage-first heap   total 86016K, used 73359K [0x0000000080000000, 0x0000000100000000)
  region size 1024K, 50 young (51200K), 2 survivors (2048K)
 Metaspace       used 27144K, committed 27456K, reserved 491520K
  class space    used 3831K, committed 3968K, reserved 425984K
}
Event: 15.498 GC heap after
{Heap after GC invocations=6 (full 0):
 garbage-first heap   total 86016K, used 25680K [0x0000000080000000, 0x0000000100000000)
  region size 1024K, 4 young (4096K), 4 survivors (4096K)
 Metaspace       used 27144K, committed 27456K, reserved 491520K
  class space    used 3831K, committed 3968K, reserved 425984K
}
Event: 15.539 GC heap before
{Heap before GC invocations=6 (full 0):
 garbage-first heap   total 86016K, used 26704K [0x0000000080000000, 0x0000000100000000)
  region size 1024K, 5 young (5120K), 4 survivors (4096K)
 Metaspace       used 27248K, committed 27648K, reserved 491520K
  class space    used 3846K, committed 4032K, reserved 425984K
}
Event: 15.549 GC heap after
{Heap after GC invocations=7 (full 0):
 garbage-first heap   total 86016K, used 26218K [0x0000000080000000, 0x0000000100000000)
  region size 1024K, 1 young (1024K), 1 survivors (1024K)
 Metaspace       used 27248K, committed 27648K, reserved 491520K
  class space    used 3846K, committed 4032K, reserved 425984K
}
Event: 17.690 GC heap before
{Heap before GC invocations=7 (full 0):
 garbage-first heap   total 86016K, used 66154K [0x0000000080000000, 0x0000000100000000)
  region size 1024K, 41 young (41984K), 1 survivors (1024K)
 Metaspace       used 33342K, committed 33792K, reserved 491520K
  class space    used 4651K, committed 4864K, reserved 425984K
}
Event: 17.700 GC heap after
{Heap after GC invocations=8 (full 0):
 garbage-first heap   total 86016K, used 28895K [0x0000000080000000, 0x0000000100000000)
  region size 1024K, 4 young (4096K), 4 survivors (4096K)
 Metaspace       used 33342K, committed 33792K, reserved 491520K
  class space    used 4651K, committed 4864K, reserved 425984K
}
Event: 18.797 GC heap before
{Heap before GC invocations=8 (full 0):
 garbage-first heap   total 86016K, used 48351K [0x0000000080000000, 0x0000000100000000)
  region size 1024K, 24 young (24576K), 4 survivors (4096K)
 Metaspace       used 35439K, committed 35968K, reserved 491520K
  class space    used 4995K, committed 5248K, reserved 425984K
}
Event: 18.812 GC heap after
{Heap after GC invocations=9 (full 0):
 garbage-first heap   total 86016K, used 30756K [0x0000000080000000, 0x0000000100000000)
  region size 1024K, 2 young (2048K), 2 survivors (2048K)
 Metaspace       used 35439K, committed 35968K, reserved 491520K
  class space    used 4995K, committed 5248K, reserved 425984K
}
Event: 19.738 GC heap before
{Heap before GC invocations=10 (full 0):
 garbage-first heap   total 86016K, used 66596K [0x0000000080000000, 0x0000000100000000)
  region size 1024K, 37 young (37888K), 2 survivors (2048K)
 Metaspace       used 36508K, committed 37056K, reserved 491520K
  class space    used 5168K, committed 5440K, reserved 425984K
}
Event: 19.744 GC heap after
{Heap after GC invocations=11 (full 0):
 garbage-first heap   total 86016K, used 31351K [0x0000000080000000, 0x0000000100000000)
  region size 1024K, 3 young (3072K), 3 survivors (3072K)
 Metaspace       used 36508K, committed 37056K, reserved 491520K
  class space    used 5168K, committed 5440K, reserved 425984K
}
Event: 19.749 GC heap before
{Heap before GC invocations=11 (full 0):
 garbage-first heap   total 86016K, used 32375K [0x0000000080000000, 0x0000000100000000)
  region size 1024K, 4 young (4096K), 3 survivors (3072K)
 Metaspace       used 36508K, committed 37056K, reserved 491520K
  class space    used 5168K, committed 5440K, reserved 425984K
}
Event: 19.757 GC heap after
{Heap after GC invocations=12 (full 0):
 garbage-first heap   total 86016K, used 31182K [0x0000000080000000, 0x0000000100000000)
  region size 1024K, 1 young (1024K), 1 survivors (1024K)
 Metaspace       used 36508K, committed 37056K, reserved 491520K
  class space    used 5168K, committed 5440K, reserved 425984K
}
Event: 21.429 GC heap before
{Heap before GC invocations=12 (full 0):
 garbage-first heap   total 86016K, used 67022K [0x0000000080000000, 0x0000000100000000)
  region size 1024K, 36 young (36864K), 1 survivors (1024K)
 Metaspace       used 39596K, committed 40256K, reserved 491520K
  class space    used 5665K, committed 5952K, reserved 425984K
}
Event: 21.435 GC heap after
{Heap after GC invocations=13 (full 0):
 garbage-first heap   total 86016K, used 32801K [0x0000000080000000, 0x0000000100000000)
  region size 1024K, 2 young (2048K), 2 survivors (2048K)
 Metaspace       used 39596K, committed 40256K, reserved 491520K
  class space    used 5665K, committed 5952K, reserved 425984K
}
Event: 23.899 GC heap before
{Heap before GC invocations=13 (full 0):
 garbage-first heap   total 86016K, used 68641K [0x0000000080000000, 0x0000000100000000)
  region size 1024K, 37 young (37888K), 2 survivors (2048K)
 Metaspace       used 47308K, committed 48000K, reserved 491520K
  class space    used 6642K, committed 6976K, reserved 425984K
}
Event: 23.909 GC heap after
{Heap after GC invocations=14 (full 0):
 garbage-first heap   total 86016K, used 36092K [0x0000000080000000, 0x0000000100000000)
  region size 1024K, 5 young (5120K), 5 survivors (5120K)
 Metaspace       used 47308K, committed 48000K, reserved 491520K
  class space    used 6642K, committed 6976K, reserved 425984K
}

Deoptimization events (20 events):
Event: 23.915 Thread 0x000001cb479034f0 Uncommon trap: trap_request=0xffffff45 fr.pc=0x000001cb38cac228 relative=0x0000000000000388
Event: 23.915 Thread 0x000001cb479034f0 Uncommon trap: reason=unstable_if action=reinterpret pc=0x000001cb38cac228 method=java.util.HashMap$HashIterator.<init>(Ljava/util/HashMap;)V @ 45 c2
Event: 23.915 Thread 0x000001cb479034f0 DEOPT PACKING pc=0x000001cb38cac228 sp=0x0000009d87afed70
Event: 23.915 Thread 0x000001cb479034f0 DEOPT UNPACKING pc=0x000001cb386123a3 sp=0x0000009d87afed28 mode 2
Event: 24.011 Thread 0x000001cb68657c00 Uncommon trap: trap_request=0xffffffde fr.pc=0x000001cb38c8d710 relative=0x0000000000000430
Event: 24.011 Thread 0x000001cb68657c00 Uncommon trap: reason=class_check action=maybe_recompile pc=0x000001cb38c8d710 method=java.util.Collections$SetFromMap.remove(Ljava/lang/Object;)Z @ 5 c2
Event: 24.011 Thread 0x000001cb68657c00 DEOPT PACKING pc=0x000001cb38c8d710 sp=0x0000009d88ef5f50
Event: 24.011 Thread 0x000001cb68657c00 DEOPT UNPACKING pc=0x000001cb386123a3 sp=0x0000009d88ef5f38 mode 2
Event: 24.031 Thread 0x000001cb6a78e740 Uncommon trap: trap_request=0xffffff45 fr.pc=0x000001cb38e7aee8 relative=0x00000000000013c8
Event: 24.031 Thread 0x000001cb6a78e740 Uncommon trap: reason=unstable_if action=reinterpret pc=0x000001cb38e7aee8 method=java.util.concurrent.ConcurrentHashMap.putVal(Ljava/lang/Object;Ljava/lang/Object;Z)Ljava/lang/Object; @ 97 c2
Event: 24.031 Thread 0x000001cb6a78e740 DEOPT PACKING pc=0x000001cb38e7aee8 sp=0x0000009d89cfe640
Event: 24.031 Thread 0x000001cb6a78e740 DEOPT UNPACKING pc=0x000001cb386123a3 sp=0x0000009d89cfe5d8 mode 2
Event: 24.031 Thread 0x000001cb6a78e740 Uncommon trap: trap_request=0xffffff54 fr.pc=0x000001cb38cf99fc relative=0x000000000000519c
Event: 24.031 Thread 0x000001cb6a78e740 Uncommon trap: reason=speculate_null_assert action=make_not_entrant pc=0x000001cb38cf99fc method=java.lang.invoke.MethodType$ConcurrentWeakInternSet.add(Ljava/lang/Object;)Ljava/lang/Object; @ 47 c2
Event: 24.031 Thread 0x000001cb6a78e740 DEOPT PACKING pc=0x000001cb38cf99fc sp=0x0000009d89cfe700
Event: 24.031 Thread 0x000001cb6a78e740 DEOPT UNPACKING pc=0x000001cb386123a3 sp=0x0000009d89cfe698 mode 2
Event: 24.060 Thread 0x000001cb68657c00 Uncommon trap: trap_request=0xffffffde fr.pc=0x000001cb38c8d710 relative=0x0000000000000430
Event: 24.060 Thread 0x000001cb68657c00 Uncommon trap: reason=class_check action=maybe_recompile pc=0x000001cb38c8d710 method=java.util.Collections$SetFromMap.remove(Ljava/lang/Object;)Z @ 5 c2
Event: 24.060 Thread 0x000001cb68657c00 DEOPT PACKING pc=0x000001cb38c8d710 sp=0x0000009d88ef60d0
Event: 24.060 Thread 0x000001cb68657c00 DEOPT UNPACKING pc=0x000001cb386123a3 sp=0x0000009d88ef60b8 mode 2

Classes unloaded (0 events):
No events

Classes redefined (0 events):
No events

Internal exceptions (20 events):
Event: 20.035 Thread 0x000001cb68657c00 Exception <a 'java/lang/NoSuchMethodError'{0x0000000084a08028}: 'java.lang.Object java.lang.invoke.DirectMethodHandle$Holder.invokeSpecial(java.lang.Object, java.lang.Object, java.lang.Object, java.lang.Object, java.lang.Object, java.lang.Object, java.lang.Object, java.lang.Object, java.lang.Object)'> (0x0000000084a08028) 
thrown [s\open\src\hotspot\share\interpreter\linkResolver.cpp, line 759]
Event: 20.224 Thread 0x000001cb68657c00 Exception <a 'java/lang/NoSuchMethodError'{0x000000008460f240}: 'void java.lang.invoke.DirectMethodHandle$Holder.invokeSpecial(java.lang.Object, java.lang.Object, java.lang.Object, java.lang.Object, java.lang.Object, java.lang.Object)'> (0x000000008460f240) 
thrown [s\open\src\hotspot\share\interpreter\linkResolver.cpp, line 759]
Event: 20.320 Thread 0x000001cb68657c00 Exception <a 'java/lang/NoSuchMethodError'{0x0000000084510018}: 'int java.lang.invoke.DirectMethodHandle$Holder.invokeInterface(java.lang.Object, java.lang.Object, java.lang.Object, java.lang.Object)'> (0x0000000084510018) 
thrown [s\open\src\hotspot\share\interpreter\linkResolver.cpp, line 759]
Event: 20.421 Thread 0x000001cb68657c00 Exception <a 'java/lang/NoSuchMethodError'{0x00000000843e0058}: 'java.lang.Object java.lang.invoke.DirectMethodHandle$Holder.invokeStatic(java.lang.Object, long, java.lang.Object)'> (0x00000000843e0058) 
thrown [s\open\src\hotspot\share\interpreter\linkResolver.cpp, line 759]
Event: 20.422 Thread 0x000001cb68657c00 Exception <a 'java/lang/NoSuchMethodError'{0x00000000843e86a8}: 'java.lang.Object java.lang.invoke.DirectMethodHandle$Holder.newInvokeSpecial(java.lang.Object, long)'> (0x00000000843e86a8) 
thrown [s\open\src\hotspot\share\interpreter\linkResolver.cpp, line 759]
Event: 20.449 Thread 0x000001cb68657c00 Exception <a 'java/lang/NoSuchMethodError'{0x0000000084263250}: 'java.lang.Object java.lang.invoke.Invokers$Holder.linkToTargetMethod(java.lang.Object, java.lang.Object, java.lang.Object, java.lang.Object, long, java.lang.Object, java.lang.Object)'> (0x0000000084263250) 
thrown [s\open\src\hotspot\share\interpreter\linkResolver.cpp, line 759]
Event: 20.462 Thread 0x000001cb68657c00 Exception <a 'java/lang/NoSuchMethodError'{0x00000000842a8bf0}: 'java.lang.Object java.lang.invoke.DirectMethodHandle$Holder.newInvokeSpecial(java.lang.Object, java.lang.Object, java.lang.Object, long, java.lang.Object)'> (0x00000000842a8bf0) 
thrown [s\open\src\hotspot\share\interpreter\linkResolver.cpp, line 759]
Event: 20.464 Thread 0x000001cb68657c00 Exception <a 'java/lang/NoSuchMethodError'{0x00000000842ae2b8}: 'java.lang.Object java.lang.invoke.DirectMethodHandle$Holder.invokeSpecial(java.lang.Object, java.lang.Object, java.lang.Object, java.lang.Object, long, java.lang.Object)'> (0x00000000842ae2b8) 
thrown [s\open\src\hotspot\share\interpreter\linkResolver.cpp, line 759]
Event: 20.464 Thread 0x000001cb68657c00 Exception <a 'java/lang/NoSuchMethodError'{0x00000000842b3038}: 'java.lang.Object java.lang.invoke.Invokers$Holder.linkToTargetMethod(java.lang.Object, java.lang.Object, long, java.lang.Object, java.lang.Object)'> (0x00000000842b3038) 
thrown [s\open\src\hotspot\share\interpreter\linkResolver.cpp, line 759]
Event: 20.757 Thread 0x000001cb68657c00 Implicit null exception at 0x000001cb38d4f7ec to 0x000001cb38d4f8a0
Event: 20.923 Thread 0x000001cb68657c00 Exception <a 'java/lang/NoSuchMethodError'{0x0000000083b9ce10}: 'java.lang.Object java.lang.invoke.DirectMethodHandle$Holder.newInvokeSpecial(java.lang.Object, java.lang.Object, java.lang.Object, int, java.lang.Object)'> (0x0000000083b9ce10) 
thrown [s\open\src\hotspot\share\interpreter\linkResolver.cpp, line 759]
Event: 20.924 Thread 0x000001cb68657c00 Exception <a 'java/lang/NoSuchMethodError'{0x0000000083ba1ad8}: 'java.lang.Object java.lang.invoke.Invokers$Holder.linkToTargetMethod(java.lang.Object, java.lang.Object, int, java.lang.Object, java.lang.Object)'> (0x0000000083ba1ad8) 
thrown [s\open\src\hotspot\share\interpreter\linkResolver.cpp, line 759]
Event: 21.076 Thread 0x000001cb68657c00 Exception <a 'java/lang/NoSuchMethodError'{0x0000000083841030}: 'java.lang.Object java.lang.invoke.DirectMethodHandle$Holder.newInvokeSpecial(java.lang.Object, int, java.lang.Object)'> (0x0000000083841030) 
thrown [s\open\src\hotspot\share\interpreter\linkResolver.cpp, line 759]
Event: 21.441 Thread 0x000001cb68657c00 Exception <a 'java/lang/NoSuchMethodError'{0x000000008ff3ea98}: 'java.lang.Object java.lang.invoke.DirectMethodHandle$Holder.newInvokeSpecial(java.lang.Object, java.lang.Object, java.lang.Object, int)'> (0x000000008ff3ea98) 
thrown [s\open\src\hotspot\share\interpreter\linkResolver.cpp, line 759]
Event: 21.442 Thread 0x000001cb68657c00 Exception <a 'java/lang/NoSuchMethodError'{0x000000008ff43bb0}: 'java.lang.Object java.lang.invoke.Invokers$Holder.linkToTargetMethod(java.lang.Object, java.lang.Object, int, java.lang.Object)'> (0x000000008ff43bb0) 
thrown [s\open\src\hotspot\share\interpreter\linkResolver.cpp, line 759]
Event: 21.547 Thread 0x000001cb68657c00 Exception <a 'java/lang/NoSuchMethodError'{0x000000008500fe48}: 'int java.lang.invoke.DirectMethodHandle$Holder.invokeSpecialIFC(java.lang.Object, java.lang.Object, java.lang.Object)'> (0x000000008500fe48) 
thrown [s\open\src\hotspot\share\interpreter\linkResolver.cpp, line 759]
Event: 21.762 Thread 0x000001cb68657c00 Exception <a 'java/lang/NoSuchMethodError'{0x0000000084b0cfa0}: 'void java.lang.invoke.DirectMethodHandle$Holder.invokeStatic(java.lang.Object, java.lang.Object, java.lang.Object, int, java.lang.Object)'> (0x0000000084b0cfa0) 
thrown [s\open\src\hotspot\share\interpreter\linkResolver.cpp, line 759]
Event: 21.825 Thread 0x000001cb68657c00 Exception <a 'java/lang/NoSuchMethodError'{0x0000000084909860}: 'int java.lang.invoke.DirectMethodHandle$Holder.invokeInterface(java.lang.Object, java.lang.Object, java.lang.Object, java.lang.Object, java.lang.Object)'> (0x0000000084909860) 
thrown [s\open\src\hotspot\share\interpreter\linkResolver.cpp, line 759]
Event: 21.968 Thread 0x000001cb68657c00 Exception <a 'sun/nio/fs/WindowsException'{0x00000000847f8978}> (0x00000000847f8978) 
thrown [s\open\src\hotspot\share\prims\jni.cpp, line 516]
Event: 23.941 Thread 0x000001cb68657c00 Exception <a 'java/lang/NoSuchMethodError'{0x000000008e827cf0}: 'java.lang.Object java.lang.invoke.DirectMethodHandle$Holder.invokeSpecial(java.lang.Object, java.lang.Object, long, java.lang.Object, java.lang.Object)'> (0x000000008e827cf0) 
thrown [s\open\src\hotspot\share\interpreter\linkResolver.cpp, line 759]

VM Operations (20 events):
Event: 21.904 Executing VM operation: HandshakeAllThreads
Event: 21.905 Executing VM operation: HandshakeAllThreads done
Event: 21.982 Executing VM operation: HandshakeAllThreads
Event: 21.982 Executing VM operation: HandshakeAllThreads done
Event: 21.986 Executing VM operation: HandshakeAllThreads
Event: 21.986 Executing VM operation: HandshakeAllThreads done
Event: 22.099 Executing VM operation: HandshakeAllThreads
Event: 22.099 Executing VM operation: HandshakeAllThreads done
Event: 22.270 Executing VM operation: HandshakeAllThreads
Event: 22.270 Executing VM operation: HandshakeAllThreads done
Event: 23.170 Executing VM operation: HandshakeAllThreads
Event: 23.171 Executing VM operation: HandshakeAllThreads done
Event: 23.171 Executing VM operation: Cleanup
Event: 23.172 Executing VM operation: Cleanup done
Event: 23.190 Executing VM operation: HandshakeAllThreads
Event: 23.190 Executing VM operation: HandshakeAllThreads done
Event: 23.207 Executing VM operation: HandshakeAllThreads
Event: 23.207 Executing VM operation: HandshakeAllThreads done
Event: 23.899 Executing VM operation: G1CollectForAllocation
Event: 23.909 Executing VM operation: G1CollectForAllocation done

Events (20 events):
Event: 23.453 loading class sun/security/ssl/NewSessionTicket$T12NewSessionTicketMessage done
Event: 23.453 loading class sun/security/ssl/SSLCipher$T12GcmReadCipherGenerator$GcmReadCipher
Event: 23.454 loading class sun/security/ssl/SSLCipher$T12GcmReadCipherGenerator$GcmReadCipher done
Event: 23.454 loading class com/sun/crypto/provider/GaloisCounterMode$GCMDecrypt
Event: 23.455 loading class com/sun/crypto/provider/GaloisCounterMode$GCMDecrypt done
Event: 23.458 loading class jdk/internal/event/TLSHandshakeEvent
Event: 23.458 loading class jdk/internal/event/TLSHandshakeEvent done
Event: 23.458 loading class javax/net/ssl/SSLEngineResult$HandshakeStatus
Event: 23.458 loading class javax/net/ssl/SSLEngineResult$HandshakeStatus done
Event: 23.817 Thread 0x000001cb6b007030 Thread exited: 0x000001cb6b007030
Event: 23.843 loading class java/nio/charset/UnsupportedCharsetException
Event: 23.843 loading class java/nio/charset/UnsupportedCharsetException done
Event: 23.911 loading class sun/security/ssl/Alert
Event: 23.912 loading class sun/security/ssl/Alert done
Event: 23.913 loading class sun/security/ssl/Alert$AlertConsumer
Event: 23.913 loading class sun/security/ssl/Alert$AlertConsumer done
Event: 23.913 loading class sun/security/ssl/Alert$Level
Event: 23.913 loading class sun/security/ssl/Alert$Level done
Event: 24.030 Thread 0x000001cb6a78e740 Thread added: 0x000001cb6a78e740
Event: 24.031 Thread 0x000001cb6a78f160 Thread added: 0x000001cb6a78f160


Dynamic libraries:
0x00007ff70aad0000 - 0x00007ff70aae0000 	C:\Program Files\Java\jdk-17\bin\java.exe
0x00007ffeb0c50000 - 0x00007ffeb0e48000 	C:\Windows\SYSTEM32\ntdll.dll
0x00007ffeafb30000 - 0x00007ffeafbf2000 	C:\Windows\System32\KERNEL32.DLL
0x00007ffeae620000 - 0x00007ffeae916000 	C:\Windows\System32\KERNELBASE.dll
0x00007ffeae2e0000 - 0x00007ffeae3e0000 	C:\Windows\System32\ucrtbase.dll
0x00007ffea4360000 - 0x00007ffea4379000 	C:\Program Files\Java\jdk-17\bin\jli.dll
0x00007ffeaf070000 - 0x00007ffeaf121000 	C:\Windows\System32\ADVAPI32.dll
0x00007ffeafa10000 - 0x00007ffeafaae000 	C:\Windows\System32\msvcrt.dll
0x00007ffeaf900000 - 0x00007ffeaf99f000 	C:\Windows\System32\sechost.dll
0x00007ffeafc10000 - 0x00007ffeafd30000 	C:\Windows\System32\RPCRT4.dll
0x00007ffea4320000 - 0x00007ffea433b000 	C:\Program Files\Java\jdk-17\bin\VCRUNTIME140.dll
0x00007ffeae500000 - 0x00007ffeae527000 	C:\Windows\System32\bcrypt.dll
0x00007ffeaee10000 - 0x00007ffeaefb1000 	C:\Windows\System32\USER32.dll
0x00007ffeae920000 - 0x00007ffeae942000 	C:\Windows\System32\win32u.dll
0x00007ffeb0420000 - 0x00007ffeb044b000 	C:\Windows\System32\GDI32.dll
0x00007ffeae3e0000 - 0x00007ffeae4f9000 	C:\Windows\System32\gdi32full.dll
0x00007ffeae530000 - 0x00007ffeae5cd000 	C:\Windows\System32\msvcp_win.dll
0x00007ffe98aa0000 - 0x00007ffe98d3b000 	C:\Windows\WinSxS\amd64_microsoft.windows.common-controls_6595b64144ccf1df_6.0.19041.6456_none_60b8a6cb71f64256\COMCTL32.dll
0x00007ffea2980000 - 0x00007ffea298a000 	C:\Windows\SYSTEM32\VERSION.dll
0x00007ffeb0820000 - 0x00007ffeb084f000 	C:\Windows\System32\IMM32.DLL
0x00007ffea5660000 - 0x00007ffea566c000 	C:\Program Files\Java\jdk-17\bin\vcruntime140_1.dll
0x00007ffe78170000 - 0x00007ffe781fe000 	C:\Program Files\Java\jdk-17\bin\msvcp140.dll
0x00007ffe339a0000 - 0x00007ffe34580000 	C:\Program Files\Java\jdk-17\bin\server\jvm.dll
0x00007ffeafa00000 - 0x00007ffeafa08000 	C:\Windows\System32\PSAPI.DLL
0x00007ffea4190000 - 0x00007ffea4199000 	C:\Windows\SYSTEM32\WSOCK32.dll
0x00007ffeab060000 - 0x00007ffeab087000 	C:\Windows\SYSTEM32\WINMM.dll
0x00007ffeb0450000 - 0x00007ffeb04bb000 	C:\Windows\System32\WS2_32.dll
0x00007ffeacaf0000 - 0x00007ffeacb02000 	C:\Windows\SYSTEM32\kernel.appcore.dll
0x00007ffea4d00000 - 0x00007ffea4d0a000 	C:\Program Files\Java\jdk-17\bin\jimage.dll
0x00007ffeac100000 - 0x00007ffeac301000 	C:\Windows\SYSTEM32\DBGHELP.DLL
0x00007ffe89e50000 - 0x00007ffe89e84000 	C:\Windows\SYSTEM32\dbgcore.DLL
0x00007ffeaea00000 - 0x00007ffeaea82000 	C:\Windows\System32\bcryptPrimitives.dll
0x00007ffea43d0000 - 0x00007ffea43de000 	C:\Program Files\Java\jdk-17\bin\instrument.dll
0x00007ffe86280000 - 0x00007ffe862a5000 	C:\Program Files\Java\jdk-17\bin\java.dll
0x00007ffe6c6b0000 - 0x00007ffe6c787000 	C:\Program Files\Java\jdk-17\bin\jsvml.dll
0x00007ffeaf130000 - 0x00007ffeaf8a0000 	C:\Windows\System32\SHELL32.dll
0x00007ffeac310000 - 0x00007ffeacab5000 	C:\Windows\SYSTEM32\windows.storage.dll
0x00007ffeb04c0000 - 0x00007ffeb0814000 	C:\Windows\System32\combase.dll
0x00007ffeadc90000 - 0x00007ffeadcbb000 	C:\Windows\SYSTEM32\Wldp.dll
0x00007ffeb02b0000 - 0x00007ffeb037d000 	C:\Windows\System32\OLEAUT32.dll
0x00007ffeb0200000 - 0x00007ffeb02ad000 	C:\Windows\System32\SHCORE.dll
0x00007ffeafad0000 - 0x00007ffeafb2b000 	C:\Windows\System32\shlwapi.dll
0x00007ffeae210000 - 0x00007ffeae234000 	C:\Windows\SYSTEM32\profapi.dll
0x00007ffe96ec0000 - 0x00007ffe96ed8000 	C:\Program Files\Java\jdk-17\bin\zip.dll
0x00007ffe991a0000 - 0x00007ffe991b9000 	C:\Program Files\Java\jdk-17\bin\net.dll
0x00007ffe9fef0000 - 0x00007ffe9fffa000 	C:\Windows\SYSTEM32\WINHTTP.dll
0x00007ffead990000 - 0x00007ffead9fa000 	C:\Windows\system32\mswsock.dll
0x00007ffe99050000 - 0x00007ffe99066000 	C:\Program Files\Java\jdk-17\bin\nio.dll
0x00007ffea4510000 - 0x00007ffea4520000 	C:\Program Files\Java\jdk-17\bin\verify.dll
0x00007ffe86250000 - 0x00007ffe86277000 	C:\Users\hp\.gradle\native\660c5614fbf4a5f2a75b1949f50a0caf5cd603558e7d8a26e50b933a0cfb79d1\windows-amd64\native-platform.dll
0x00007ffe804e0000 - 0x00007ffe80557000 	C:\Users\hp\.gradle\native\0.2.8\x86_64-windows-gnu\gradle-fileevents.dll
0x00007ffea4b20000 - 0x00007ffea4b2a000 	C:\Program Files\Java\jdk-17\bin\management.dll
0x00007ffea45d0000 - 0x00007ffea45db000 	C:\Program Files\Java\jdk-17\bin\management_ext.dll
0x00007ffead670000 - 0x00007ffead6ab000 	C:\Windows\SYSTEM32\IPHLPAPI.DLL
0x00007ffeb0380000 - 0x00007ffeb0388000 	C:\Windows\System32\NSI.dll
0x00007ffea0980000 - 0x00007ffea0997000 	C:\Windows\SYSTEM32\dhcpcsvc6.DLL
0x00007ffea13f0000 - 0x00007ffea140d000 	C:\Windows\SYSTEM32\dhcpcsvc.DLL
0x00007ffead6b0000 - 0x00007ffead77a000 	C:\Windows\SYSTEM32\DNSAPI.dll
0x00007ffeadbf0000 - 0x00007ffeadc08000 	C:\Windows\SYSTEM32\CRYPTSP.dll
0x00007ffead2b0000 - 0x00007ffead2e8000 	C:\Windows\system32\rsaenh.dll
0x00007ffeae190000 - 0x00007ffeae1be000 	C:\Windows\SYSTEM32\USERENV.dll
0x00007ffeadcc0000 - 0x00007ffeadccc000 	C:\Windows\SYSTEM32\CRYPTBASE.dll
0x00007ffea4310000 - 0x00007ffea431e000 	C:\Program Files\Java\jdk-17\bin\sunmscapi.dll
0x00007ffeaea90000 - 0x00007ffeaebed000 	C:\Windows\System32\CRYPT32.dll
0x00007ffeadd10000 - 0x00007ffeadd37000 	C:\Windows\SYSTEM32\ncrypt.dll
0x00007ffeadcd0000 - 0x00007ffeadd0b000 	C:\Windows\SYSTEM32\NTASN1.dll
0x00007ffea5630000 - 0x00007ffea5637000 	C:\Windows\system32\wshunix.dll
0x00007ffe970a0000 - 0x00007ffe970aa000 	C:\Windows\System32\rasadhlp.dll
0x00007ffe977f0000 - 0x00007ffe97870000 	C:\Windows\System32\fwpuclnt.dll

dbghelp: loaded successfully - version: 4.0.5 - missing functions: none
symbol engine: initialized successfully - sym options: 0x614 - pdb path: .;C:\Program Files\Java\jdk-17\bin;C:\Windows\SYSTEM32;C:\Windows\WinSxS\amd64_microsoft.windows.common-controls_6595b64144ccf1df_6.0.19041.6456_none_60b8a6cb71f64256;C:\Program Files\Java\jdk-17\bin\server;C:\Users\hp\.gradle\native\660c5614fbf4a5f2a75b1949f50a0caf5cd603558e7d8a26e50b933a0cfb79d1\windows-amd64;C:\Users\hp\.gradle\native\0.2.8\x86_64-windows-gnu

VM Arguments:
jvm_args: --add-opens=java.base/java.lang=ALL-UNNAMED --add-opens=java.base/java.lang.invoke=ALL-UNNAMED --add-opens=java.base/java.util=ALL-UNNAMED --add-opens=java.prefs/java.util.prefs=ALL-UNNAMED --add-exports=jdk.compiler/com.sun.tools.javac.api=ALL-UNNAMED --add-exports=jdk.compiler/com.sun.tools.javac.util=ALL-UNNAMED --add-opens=java.base/java.util=ALL-UNNAMED --add-opens=java.prefs/java.util.prefs=ALL-UNNAMED --add-opens=java.base/java.nio.charset=ALL-UNNAMED --add-opens=java.base/java.net=ALL-UNNAMED --add-opens=java.base/java.util.concurrent=ALL-UNNAMED --add-opens=java.base/java.util.concurrent.atomic=ALL-UNNAMED --add-opens=java.xml/javax.xml.namespace=ALL-UNNAMED --add-opens=java.base/java.time=ALL-UNNAMED -XX:MaxMetaspaceSize=512m -Xmx2048m -Dfile.encoding=windows-1252 -Duser.country=US -Duser.language=en -Duser.variant -javaagent:C:\Users\hp\.gradle\wrapper\dists\gradle-9.3.1-bin\23ovyewtku6u96viwx3xl3oks\gradle-9.3.1\lib\agents\gradle-instrumentation-agent-9.3.1.jar 
java_command: org.gradle.launcher.daemon.bootstrap.GradleDaemon 9.3.1
java_class_path (initial): C:\Users\hp\.gradle\wrapper\dists\gradle-9.3.1-bin\23ovyewtku6u96viwx3xl3oks\gradle-9.3.1\lib\gradle-daemon-main-9.3.1.jar
Launcher Type: SUN_STANDARD

[Global flags]
     intx CICompilerCount                          = 3                                         {product} {ergonomic}
   size_t CompressedClassSpaceSize                 = 436207616                                 {product} {ergonomic}
     uint ConcGCThreads                            = 1                                         {product} {ergonomic}
     uint G1ConcRefinementThreads                  = 4                                         {product} {ergonomic}
   size_t G1HeapRegionSize                         = 1048576                                   {product} {ergonomic}
    uintx GCDrainStackTargetSize                   = 64                                        {product} {ergonomic}
   size_t InitialHeapSize                          = 268435456                                 {product} {ergonomic}
   size_t MarkStackSize                            = 4194304                                   {product} {ergonomic}
   size_t MaxHeapSize                              = 2147483648                                {product} {command line}
   size_t MaxMetaspaceSize                         = 536870912                                 {product} {command line}
   size_t MaxNewSize                               = 1287651328                                {product} {ergonomic}
   size_t MinHeapDeltaBytes                        = 1048576                                   {product} {ergonomic}
   size_t MinHeapSize                              = 8388608                                   {product} {ergonomic}
    uintx NonNMethodCodeHeapSize                   = 5832780                                {pd product} {ergonomic}
    uintx NonProfiledCodeHeapSize                  = 122912730                              {pd product} {ergonomic}
    uintx ProfiledCodeHeapSize                     = 122912730                              {pd product} {ergonomic}
    uintx ReservedCodeCacheSize                    = 251658240                              {pd product} {ergonomic}
     bool SegmentedCodeCache                       = true                                      {product} {ergonomic}
   size_t SoftMaxHeapSize                          = 2147483648                             {manageable} {ergonomic}
     bool UseCompressedClassPointers               = true                           {product lp64_product} {ergonomic}
     bool UseCompressedOops                        = true                           {product lp64_product} {ergonomic}
     bool UseG1GC                                  = true                                      {product} {ergonomic}
     bool UseLargePagesIndividualAllocation        = false                                  {pd product} {ergonomic}

Logging:
Log output configuration:
 #0: stdout all=warning uptime,level,tags
 #1: stderr all=off uptime,level,tags

Environment Variables:
JAVA_HOME=C:\Program Files\Java\jdk-17
PATH=E:\FYP\HouseOfTutor\node_modules\.bin;E:\FYP\HouseOfTutor\node_modules\.bin;E:\FYP\node_modules\.bin;E:\node_modules\.bin;C:\Program Files\nodejs\node_modules\npm\node_modules\@npmcli\run-script\lib\node-gyp-bin;C:\Program Files\Common Files\Oracle\Java\javapath;C:\Windows\system32;C:\Windows;C:\Windows\System32\Wbem;C:\Windows\System32\WindowsPowerShell\v1.0\;C:\Windows\System32\OpenSSH\;C:\Program Files\nodejs\;C:\ProgramData\chocolatey\bin;C:\Users\USER\AppData\Local\Android\platform-tools;C:\Users\hp\AppData\Local\Android\Sdk;C:\Program Files\Microsoft SQL Server\170\Tools\Binn\;C:\Program Files\Microsoft SQL Server\Client SDK\ODBC\170\Tools\Binn\;C:\Program Files\dotnet\;C:\Program Files (x86)\Microsoft SQL Server\170\Tools\Binn\;C:\Program Files\Microsoft SQL Server\Client SDK\ODBC\180\Tools\Binn\;C:\Program Files\Microsoft SQL Server\170\DTS\Binn\;C:\Program Files\Microsoft SQL Server\150\Tools\Binn\;C:\Program Files\Git\cmd;C:\Users\hp\AppData\Local\Microsoft\WindowsApps;C:\Users\hp\AppData\Roaming\npm;C:\Users\hp\AppData\Local\Programs\Microsoft VS Code\bin;C:\Users\USER\AppData\Local\Android\platform-tools;C:\Users\hp\.dotnet\tools
USERNAME=hp
LANG=en_US.UTF-8
OS=Windows_NT
PROCESSOR_IDENTIFIER=Intel64 Family 6 Model 78 Stepping 3, GenuineIntel



---------------  S Y S T E M  ---------------

OS:
 Windows 10 , 64 bit Build 19041 (10.0.19041.5915)
OS uptime: 23 days 1:23 hours

CPU: total 4 (initial active 4) (2 cores per cpu, 2 threads per core) family 6 model 78 stepping 3 microcode 0xf0, cx8, cmov, fxsr, ht, mmx, 3dnowpref, sse, sse2, sse3, ssse3, sse4.1, sse4.2, popcnt, lzcnt, tsc, tscinvbit, avx, avx2, aes, erms, clmul, bmi1, bmi2, rtm, adx, fma, vzeroupper, clflush, clflushopt

Memory: 4k page, system-wide physical 16263M (2161M free)
TotalPageFile size 30599M (AvailPageFile size 7634M)
current process WorkingSet (physical memory assigned to process): 253M, peak: 307M
current process commit charge ("private bytes"): 287M, peak: 431M

vm_info: Java HotSpot(TM) 64-Bit Server VM (17.0.12+8-LTS-286) for windows-amd64 JRE (17.0.12+8-LTS-286), built on Jun  5 2024 06:46:59 by "mach5one" with MS VC++ 17.6 (VS2022)

END.
